candidates to fetch: 91
[1/91] topic-wise   text=551    prose=182    links=13  analysis-of-algorithms/
[2/91] topic-wise   text=2858   prose=608    links=68  array-data-structure-guide/
[3/91] topic-wise   text=4355   prose=1463   links=37  backtracking-algorithms/
[4/91] topic-wise   text=14526  prose=4713   links=10  binary-indexed-tree-or-fenwick-tree-2/
[5/91] topic-wise   text=3751   prose=289    links=53  bitwise-algorithms/
[6/91] topic-wise   text=872    prose=240    links=12  branch-and-bound-algorithm/
[7/91] topic-wise   text=1029   prose=181    links=23  deque-set-1-introduction-applications/
[8/91] topic-wise   text=1553   prose=294    links=29  divide-and-conquer/
[9/91] topic-wise   text=3170   prose=78     links=94  dynamic-programming/
[10/91] topic-wise   text=3694   prose=110    links=68  geometric-algorithms/
[11/91] topic-wise   text=3770   prose=391    links=93  graph-data-structure-and-algorithms/
[12/91] topic-wise   text=3965   prose=142    links=88  greedy-algorithms/
[13/91] topic-wise   text=2490   prose=290    links=57  hashing-data-structure/
[14/91] topic-wise   text=1687   prose=369    links=46  heap-data-structure/
[15/91] topic-wise   text=24640  prose=1888   links=8   introduction-to-red-black-tree/
[16/91] topic-wise   text=2812   prose=511    links=60  linked-list-data-structure/
[17/91] topic-wise   text=1626   prose=298    links=53  logic-building-problems/
[18/91] topic-wise   text=1853   prose=326    links=52  matrix/
[19/91] topic-wise   text=4240   prose=1009   links=1   prefix-sum-array-implementation-applications-compe
[20/91] topic-wise   text=1288   prose=162    links=23  queue-data-structure/
[21/91] topic-wise   text=1895   prose=275    links=34  randomized-algorithms/
[22/91] topic-wise   text=1482   prose=369    links=40  recursion-algorithms/
[23/91] topic-wise   text=2210   prose=318    links=49  searching-algorithms/
[24/91] topic-wise   text=2678   prose=485    links=36  segment-tree-data-structure/
[25/91] topic-wise   text=3062   prose=526    links=72  sorting-algorithms/
[26/91] topic-wise   text=1866   prose=445    links=49  stack-data-structure/
[27/91] topic-wise   text=2402   prose=267    links=54  string-data-structure/
[28/91] topic-wise   text=2213   prose=200    links=69  tree-data-structure/
[29/91] topic-wise   text=25345  prose=2341   links=4   trie-insert-and-search/
[30/91] topic-wise   text=13130  prose=2331   links=6   two-pointers-technique/
[31/91] topic-wise   text=11138  prose=1949   links=1   window-sliding-technique/
[32/91] 4 Queens     text=15143  prose=948    links=1   4-queens-problem/
[33/91] 8 Queens     text=8709   prose=753    links=2   8-queen-problem/
[34/91] A* algorithm text=56851  prose=6853   links=1   a-search-algorithm/
[35/91] Adaptive and non-adaptive searching algorithm text=4922   prose=2974   links=6   adaptive-and-non-adaptive-sorting-algorithms/
[36/91] Advanced data structures text=3213   prose=401    links=77  advanced-data-structures/
[37/91] Angular Sweep text=17929  prose=4107   links=0   angular-sweep-maximum-points-can-enclosed-circle-g
[38/91] Weighted Graphs text=6496   prose=204    links=0   applications-advantages-and-disadvantages-of-weigh
[39/91] Balanced binary tree text=2905   prose=1828   links=6   balanced-binary-tree/
[40/91] Binary Search Tree text=2465   prose=304    links=58  binary-search-tree-data-structure/
[41/91] Binary Search text=15054  prose=818    links=10  binary-search/
[42/91] Binary Tree  text=2685   prose=170    links=78  binary-tree-data-structure/
[43/91] Bit manipulation text=17957  prose=2389   links=7   bits-manipulation-important-tactics/
[44/91] Booth's multiplication algorithm text=16616  prose=755    links=0   booths-multiplication-algorithm/
[45/91] Boyer-moore-algorithm text=17868  prose=4072   links=5   boyer-moore-algorithm-for-pattern-searching/
[46/91] Bucket sort  text=9142   prose=1982   links=0   bucket-sort-2/
[47/91] Circular Array text=7647   prose=1479   links=10  circular-array/
[48/91] Complete Binary tree text=6832   prose=4703   links=5   complete-binary-tree/
[49/91] Complete guide on Complexity analysis text=31680  prose=8150   links=41  complete-guide-on-complexity-analysis/
[50/91] XOR trees    text=13765  prose=1174   links=1   construct-xor-tree-by-given-leaf-nodes-of-perfect-
[51/91] Convex Hull  text=19056  prose=2256   links=5   convex-hull-using-divide-and-conquer-algorithm/
[52/91] Network Flow text=3554   prose=308    links=0   cuts-and-network-flow/
[53/91] Dynamic Segment Tree text=22941  prose=1747   links=6   dynamic-segment-trees-online-queries-for-range-sum
[54/91] Exponential Search text=17013  prose=1779   links=3   exponential-search/
[55/91] Expression Trees text=10021  prose=1724   links=0   expression-tree/
[56/91] Extended Binary Trees text=5869   prose=571    links=0   extended-binary-tree/
[57/91] External Sorting text=21014  prose=2172   links=4   external-sorting/
[58/91] Fibonacci Heap text=5876   prose=1619   links=4   fibonacci-heap-set-1-introduction/
[59/91] Full binary tree text=1108   prose=292    links=3   full-binary-tree/
[60/91] Practice     text=937    prose=283    links=0   geeksforgeeks-practice-best-online-coding-platform
[61/91] N-ary Tree   text=5668   prose=1720   links=3   generic-treesn-array-trees/
[62/91] Hash Table   text=12874  prose=2380   links=7   hash-table-data-structure/
[63/91] Dynamic Arrays text=27018  prose=3089   links=0   how-do-dynamic-arrays-work/
[64/91] Insertion sort text=8677   prose=653    links=7   insertion-sort-algorithm/
[65/91] Interval Tree text=20291  prose=2539   links=4   interval-tree/
[66/91] Vertex Cover text=11408  prose=2024   links=3   introduction-and-approximate-solution-for-vertex-c
[67/91] B-tree       text=7623   prose=1776   links=2   introduction-of-b-tree-2/
[68/91] AVL Tree     text=4952   prose=827    links=7   introduction-to-avl-tree/
[69/91] Dijkstra's Algorithm text=4963   prose=3286   links=15  introduction-to-dijkstras-shortest-path-algorithm/
[70/91] Divide and Conquer text=6023   prose=1356   links=11  introduction-to-divide-and-conquer-algorithm/
[71/91] Singly linked list text=2794   prose=185    links=51  introduction-to-singly-linked-list/
[72/91] Trie         text=6146   prose=3245   links=8   introduction-to-trie-data-structure-and-algorithm-
[73/91] Jump Search  text=11977  prose=2201   links=2   jump-search/
[74/91] Linear Search text=5612   prose=1294   links=0   linear-search/
[75/91] Overlapping Subproblems text=11718  prose=2504   links=5   overlapping-subproblems-property-in-dynamic-progra
[76/91] Priority Queue text=17809  prose=2302   links=6   priority-queue-set-1-introduction/
[77/91] DSA Python   text=11437  prose=5063   links=2   python-data-structures-and-algorithms/
[78/91] Quadtree     text=22525  prose=1461   links=0   quad-tree/
[79/91] Radix Sort   text=16579  prose=607    links=1   radix-sort/
[80/91] Selection Sort text=8992   prose=1195   links=4   selection-sort-algorithm-2/
[81/91] Subset sum problem text=9441   prose=726    links=1   subset-sum-problem/
[82/91] Tree Traversal text=3943   prose=2230   links=9   tree-traversals-inorder-preorder-and-postorder/
[83/91] Two dimensional Segment tree text=26652  prose=2973   links=2   two-dimensional-segment-tree-sub-matrix-sum/
[84/91] Types of asymptotic notations in complexity analysis text=9237   prose=7178   links=7   types-of-asymptotic-notations-in-complexity-analys
[85/91] Sparse Arrays text=6482   prose=1079   links=0   what-is-meant-by-sparse-array/
[86/91] Minimum Spanning Tree text=6571   prose=3487   links=19  what-is-minimum-spanning-tree-mst/
[87/91] XOR Linked List text=24409  prose=2529   links=0   xor-linked-list-a-memory-efficient-doubly-linked-l
[88/91] Y shaped pattern text=3667   prose=448    links=0   y-shaped-pattern/
[89/91] Zigzag Traversal text=30519  prose=1010   links=2   zigzag-tree-traversal/
[90/91] D ata S tructures text=3239   prose=1800   links=13  data-structure-meaning/
[91/91] A lgorithms  text=5100   prose=1486   links=1   introduction-to-algorithms/
saved _index_analysis.json
